C:\Users\jorge\Documents\GitHub\webapp9\practica\src\main\java\com\practica\demo\data\tournament\TournamentServiceImp.java
C:\Users\jorge\Documents\GitHub\webapp9\practica\src\main\java\com\practica\demo\data\tournament\TournamentRepository.java
C:\Users\jorge\Documents\GitHub\webapp9\practica\src\main\java\com\practica\demo\data\teamsOnGame\Teams_On_GameController.java
C:\Users\jorge\Documents\GitHub\webapp9\practica\src\main\java\com\practica\demo\data\teamsOnGame\Teams_On_GameService.java
C:\Users\jorge\Documents\GitHub\webapp9\practica\src\main\java\com\practica\demo\GoogleMapRestController.java
C:\Users\jorge\Documents\GitHub\webapp9\practica\src\main\java\com\practica\demo\Imgs\TournamentImageService.java
C:\Users\jorge\Documents\GitHub\webapp9\practica\src\main\java\com\practica\demo\data\bracket\Bracket.java
C:\Users\jorge\Documents\GitHub\webapp9\practica\src\main\java\com\practica\demo\data\teamsOnGame\Teams_On_GameRestController.java
C:\Users\jorge\Documents\GitHub\webapp9\practica\src\main\java\com\practica\demo\data\player\Player.java
C:\Users\jorge\Documents\GitHub\webapp9\practica\src\main\java\com\practica\demo\data\user\RespositoryUser.java
C:\Users\jorge\Documents\GitHub\webapp9\practica\src\main\java\com\practica\demo\security\UserRepositoryAuthProvider.java
C:\Users\jorge\Documents\GitHub\webapp9\practica\src\main\java\com\practica\demo\data\player\PlayerController.java
C:\Users\jorge\Documents\GitHub\webapp9\practica\src\main\java\com\practica\demo\EloCalculator.java
C:\Users\jorge\Documents\GitHub\webapp9\practica\src\main\java\com\practica\demo\data\player\PlayerRepository.java
C:\Users\jorge\Documents\GitHub\webapp9\practica\src\main\java\com\practica\demo\data\user\UserPlayerWrapper.java
C:\Users\jorge\Documents\GitHub\webapp9\practica\src\main\java\com\practica\demo\data\player\PlayerServiceImp.java
C:\Users\jorge\Documents\GitHub\webapp9\practica\src\main\java\com\practica\demo\data\player\PlayerRestController.java
C:\Users\jorge\Documents\GitHub\webapp9\practica\src\main\java\com\practica\demo\security\CSRFHandlerConfiguration.java
C:\Users\jorge\Documents\GitHub\webapp9\practica\src\main\java\com\practica\demo\data\user\User.java
C:\Users\jorge\Documents\GitHub\webapp9\practica\src\main\java\com\practica\demo\data\teams\Team.java
C:\Users\jorge\Documents\GitHub\webapp9\practica\src\main\java\com\practica\demo\data\teams\TeamController.java
C:\Users\jorge\Documents\GitHub\webapp9\practica\src\main\java\com\practica\demo\data\teams\TeamRestController.java
C:\Users\jorge\Documents\GitHub\webapp9\practica\src\main\java\com\practica\demo\data\player\PlayerService.java
C:\Users\jorge\Documents\GitHub\webapp9\practica\src\main\java\com\practica\demo\data\user\UserComponent.java
C:\Users\jorge\Documents\GitHub\webapp9\practica\src\main\java\com\practica\demo\data\teams\TeamService.java
C:\Users\jorge\Documents\GitHub\webapp9\practica\src\main\java\com\practica\demo\security\LoginController.java
C:\Users\jorge\Documents\GitHub\webapp9\practica\src\main\java\com\practica\demo\data\user\UserConroller.java
C:\Users\jorge\Documents\GitHub\webapp9\practica\src\main\java\com\practica\demo\data\rol\RolRepository.java
C:\Users\jorge\Documents\GitHub\webapp9\practica\src\main\java\com\practica\demo\data\game\Game.java
C:\Users\jorge\Documents\GitHub\webapp9\practica\src\main\java\com\practica\demo\data\teamsOnGame\Teams_On_GameRepository.java
C:\Users\jorge\Documents\GitHub\webapp9\practica\src\main\java\com\practica\demo\data\teamsOnGame\Teams_On_GameServiceImp.java
C:\Users\jorge\Documents\GitHub\webapp9\practica\src\main\java\com\practica\demo\data\teams\TeamComponent.java
C:\Users\jorge\Documents\GitHub\webapp9\practica\src\main\java\com\practica\demo\data\teamsOnGame\Teams_On_Game.java
C:\Users\jorge\Documents\GitHub\webapp9\practica\src\main\java\com\practica\demo\data\tournament\TournamentRestController.java
C:\Users\jorge\Documents\GitHub\webapp9\practica\src\main\java\com\practica\demo\data\rol\Rol.java
C:\Users\jorge\Documents\GitHub\webapp9\practica\src\main\java\com\practica\demo\data\round\Round.java
C:\Users\jorge\Documents\GitHub\webapp9\practica\src\main\java\com\practica\demo\data\game\GameRepository.java
C:\Users\jorge\Documents\GitHub\webapp9\practica\src\main\java\com\practica\demo\data\teams\TeamRepository.java
C:\Users\jorge\Documents\GitHub\webapp9\practica\src\main\java\com\practica\demo\Application.java
C:\Users\jorge\Documents\GitHub\webapp9\practica\src\main\java\com\practica\demo\data\play\Play.java
C:\Users\jorge\Documents\GitHub\webapp9\practica\src\main\java\com\practica\demo\WebController.java
C:\Users\jorge\Documents\GitHub\webapp9\practica\src\main\java\com\practica\demo\security\RestSecurityConfig.java
C:\Users\jorge\Documents\GitHub\webapp9\practica\src\main\java\com\practica\demo\security\WebSecurityConfig.java
C:\Users\jorge\Documents\GitHub\webapp9\practica\src\main\java\com\practica\demo\data\user\UserServiceImp.java
C:\Users\jorge\Documents\GitHub\webapp9\practica\src\main\java\com\practica\demo\data\tournament\Tournament.java
C:\Users\jorge\Documents\GitHub\webapp9\practica\src\main\java\com\practica\demo\data\tournament\TournamentService.java
C:\Users\jorge\Documents\GitHub\webapp9\practica\src\main\java\com\practica\demo\data\user\UserRestController.java
C:\Users\jorge\Documents\GitHub\webapp9\practica\src\main\java\com\practica\demo\Imgs\ImageService.java
C:\Users\jorge\Documents\GitHub\webapp9\practica\src\main\java\com\practica\demo\data\bracket\BracketController.java
C:\Users\jorge\Documents\GitHub\webapp9\practica\src\main\java\com\practica\demo\data\teams\DataRestController.java
C:\Users\jorge\Documents\GitHub\webapp9\practica\src\main\java\com\practica\demo\data\tournament\TournamentController.java
C:\Users\jorge\Documents\GitHub\webapp9\practica\src\main\java\com\practica\demo\data\teamsOnGame\TeamsOnGameIds.java
C:\Users\jorge\Documents\GitHub\webapp9\practica\src\main\java\com\practica\demo\data\teams\TeamServiceImp.java
C:\Users\jorge\Documents\GitHub\webapp9\practica\src\main\java\com\practica\demo\data\user\UserService.java
